// Jest Snapshot v1, https://goo.gl/fbAQLP

exports[`<HomePage> renders the page 1`] = `
<div class="hello">
  <h1>Welcome to Demo Vue.js App</h1>
</div>
`;
