// Jest Snapshot v1, https://goo.gl/fbAQLP

exports[`SearchResultHeader renders the page 1`] = `<div class="searchResultCount">0 results</div>`;
