// Jest Snapshot v1, https://goo.gl/fbAQLP

exports[`SearchResultList renders the page 1`] = `<div></div>`;
